Command line:
   tb_xor_gate_isim_beh.exe
     -simmode  gui
     -simrunnum  0
     -socket  59124

Fri Oct  2 11:01:57 2026


 Elaboration Time: 0.06 sec

 Current Memory Usage: 215.261 Meg

 Total Signals          : 21
 Total Nets             : 6
 Total Signal Drivers   : 6
 Total Blocks           : 7
 Total Primitive Blocks : 5
 Total Processes        : 5
 Total Traceable Variables  : 8
 Total Scalar Nets and Variables : 366
Total Line Count : 9

 Total Simulation Time: 0.06 sec

 Current Memory Usage: 292.86 Meg

Fri Oct  2 11:02:04 2026

