Command line:
   tb_not_gate_isim_beh.exe
     -simmode  gui
     -simrunnum  0
     -socket  37456

Fri Oct  2 10:19:38 2026


 Elaboration Time: 0.04 sec

 Current Memory Usage: 215.261 Meg

 Total Signals          : 7
 Total Nets             : 2
 Total Signal Drivers   : 2
 Total Blocks           : 4
 Total Primitive Blocks : 2
 Total Processes        : 2
 Total Traceable Variables  : 8
 Total Scalar Nets and Variables : 362
Total Line Count : 4

 Total Simulation Time: 0.06 sec

 Current Memory Usage: 292.86 Meg

Fri Oct  2 10:26:02 2026

